 ⚠ ./features/shell/app-shell.tsx
Attempted import error: 'getWorkspaceId' is not exported from '@/lib/api' (imported as 'getWorkspaceId').

Import trace for requested module:
./features/shell/app-shell.tsx
./app/(workspace)/layout.tsx

./features/shell/app-shell.tsx
Attempted import error: 'getWorkspaceId' is not exported from '@/lib/api' (imported as 'getWorkspaceId').

Import trace for requested module:
./features/shell/app-shell.tsx
./app/(workspace)/layout.tsx
 ⚠ ./features/shell/app-shell.tsx
Attempted import error: 'getWorkspaceId' is not exported from '@/lib/api' (imported as 'getWorkspaceId').

Import trace for requested module:
./features/shell/app-shell.tsx
./app/(workspace)/layout.tsx

./features/shell/app-shell.tsx
Attempted import error: 'getWorkspaceId' is not exported from '@/lib/api' (imported as 'getWorkspaceId').

Import trace for requested module:
./features/shell/app-shell.tsx
./app/(workspace)/layout.tsx
 ⚠ ./features/shell/app-shell.tsx
Attempted import error: 'getWorkspaceId' is not exported from '@/lib/api' (imported as 'getWorkspaceId').

Import trace for requested module:
./features/shell/app-shell.tsx
./app/(workspace)/layout.tsx

./features/shell/app-shell.tsx
Attempted import error: 'getWorkspaceId' is not exported from '@/lib/api' (imported as 'getWorkspaceId').

Import trace for requested module:
./features/shell/app-shell.tsx
./app/(workspace)/layout.tsx
 ⚠ ./features/shell/app-shell.tsx
Attempted import error: 'getWorkspaceId' is not exported from '@/lib/api' (imported as 'getWorkspaceId').

Import trace for requested module:
./features/shell/app-shell.tsx
./app/(workspace)/layout.tsx

./features/shell/app-shell.tsx
Attempted import error: 'getWorkspaceId' is not exported from '@/lib/api' (imported as 'getWorkspaceId').

Import trace for requested module:
./features/shell/app-shell.tsx
./app/(workspace)/layout.tsx
 ⚠ ./features/shell/app-shell.tsx
Attempted import error: 'getWorkspaceId' is not exported from '@/lib/api' (imported as 'getWorkspaceId').

Import trace for requested module:
./features/shell/app-shell.tsx
./app/(workspace)/layout.tsx

./features/shell/app-shell.tsx
Attempted import error: 'getWorkspaceId' is not exported from '@/lib/api' (imported as 'getWorkspaceId').

Import trace for requested module:
./features/shell/app-shell.tsx
./app/(workspace)/layout.tsx
 ⚠ ./features/shell/app-shell.tsx
Attempted import error: 'getWorkspaceId' is not exported from '@/lib/api' (imported as 'getWorkspaceId').

Import trace for requested module:
./features/shell/app-shell.tsx
./app/(workspace)/layout.tsx

./features/shell/app-shell.tsx
Attempted import error: 'getWorkspaceId' is not exported from '@/lib/api' (imported as 'getWorkspaceId').

Import trace for requested module:
./features/shell/app-shell.tsx
./app/(workspace)/layout.tsx
 ⚠ ./features/shell/app-shell.tsx
Attempted import error: 'getWorkspaceId' is not exported from '@/lib/api' (imported as 'getWorkspaceId').

Import trace for requested module:
./features/shell/app-shell.tsx
./app/(workspace)/layout.tsx

./features/shell/app-shell.tsx
Attempted import error: 'getWorkspaceId' is not exported from '@/lib/api' (imported as 'getWorkspaceId').

Import trace for requested module:
./features/shell/app-shell.tsx
./app/(workspace)/layout.tsx
 ⚠ ./features/shell/app-shell.tsx
Attempted import error: 'getWorkspaceId' is not exported from '@/lib/api' (imported as 'getWorkspaceId').

Import trace for requested module:
./features/shell/app-shell.tsx
./app/(workspace)/layout.tsx

./features/shell/app-shell.tsx
Attempted import error: 'getWorkspaceId' is not exported from '@/lib/api' (imported as 'getWorkspaceId').

Import trace for requested module:
./features/shell/app-shell.tsx
./app/(workspace)/layout.tsx
 ⚠ ./features/connections/connect-account-modal.tsx
Attempted import error: 'getWorkspaceId' is not exported from '@/lib/api' (imported as 'getWorkspaceId').

Import trace for requested module:
./features/connections/connect-account-modal.tsx
./app/(workspace)/connections/page.tsx

./features/shell/app-shell.tsx
Attempted import error: 'getWorkspaceId' is not exported from '@/lib/api' (imported as 'getWorkspaceId').

Import trace for requested module:
./features/shell/app-shell.tsx
./app/(workspace)/layout.tsx

./features/connections/connect-account-modal.tsx
Attempted import error: 'getWorkspaceId' is not exported from '@/lib/api' (imported as 'getWorkspaceId').

Import trace for requested module:
./features/connections/connect-account-modal.tsx
./app/(workspace)/connections/page.tsx

./features/shell/app-shell.tsx
Attempted import error: 'getWorkspaceId' is not exported from '@/lib/api' (imported as 'getWorkspaceId').

Import trace for requested module:
./features/shell/app-shell.tsx
./app/(workspace)/layout.tsx
 ⚠ ./features/connections/connect-account-modal.tsx
Attempted import error: 'getWorkspaceId' is not exported from '@/lib/api' (imported as 'getWorkspaceId').

Import trace for requested module:
./features/connections/connect-account-modal.tsx
./app/(workspace)/connections/page.tsx

./features/shell/app-shell.tsx
Attempted import error: 'getWorkspaceId' is not exported from '@/lib/api' (imported as 'getWorkspaceId').

Import trace for requested module:
./features/shell/app-shell.tsx
./app/(workspace)/layout.tsx

./features/connections/connect-account-modal.tsx
Attempted import error: 'getWorkspaceId' is not exported from '@/lib/api' (imported as 'getWorkspaceId').

Import trace for requested module:
./features/connections/connect-account-modal.tsx
./app/(workspace)/connections/page.tsx

./features/shell/app-shell.tsx
Attempted import error: 'getWorkspaceId' is not exported from '@/lib/api' (imported as 'getWorkspaceId').

Import trace for requested module:
./features/shell/app-shell.tsx
./app/(workspace)/layout.tsx
 ⚠ ./features/connections/connect-account-modal.tsx
Attempted import error: 'getWorkspaceId' is not exported from '@/lib/api' (imported as 'getWorkspaceId').

Import trace for requested module:
./features/connections/connect-account-modal.tsx
./app/(workspace)/connections/page.tsx

./features/shell/app-shell.tsx
Attempted import error: 'getWorkspaceId' is not exported from '@/lib/api' (imported as 'getWorkspaceId').

Import trace for requested module:
./features/shell/app-shell.tsx
./app/(workspace)/layout.tsx

./features/connections/connect-account-modal.tsx
Attempted import error: 'getWorkspaceId' is not exported from '@/lib/api' (imported as 'getWorkspaceId').

Import trace for requested module:
./features/connections/connect-account-modal.tsx
./app/(workspace)/connections/page.tsx

./features/shell/app-shell.tsx
Attempted import error: 'getWorkspaceId' is not exported from '@/lib/api' (imported as 'getWorkspaceId').

Import trace for requested module:
./features/shell/app-shell.tsx
./app/(workspace)/layout.tsx
 ⚠ ./features/connections/connect-account-modal.tsx
Attempted import error: 'getWorkspaceId' is not exported from '@/lib/api' (imported as 'getWorkspaceId').

Import trace for requested module:
./features/connections/connect-account-modal.tsx
./app/(workspace)/connections/page.tsx

./features/shell/app-shell.tsx
Attempted import error: 'getWorkspaceId' is not exported from '@/lib/api' (imported as 'getWorkspaceId').

Import trace for requested module:
./features/shell/app-shell.tsx
./app/(workspace)/layout.tsx

./features/connections/connect-account-modal.tsx
Attempted import error: 'getWorkspaceId' is not exported from '@/lib/api' (imported as 'getWorkspaceId').

Import trace for requested module:
./features/connections/connect-account-modal.tsx
./app/(workspace)/connections/page.tsx

./features/shell/app-shell.tsx
Attempted import error: 'getWorkspaceId' is not exported from '@/lib/api' (imported as 'getWorkspaceId').

Import trace for requested module:
./features/shell/app-shell.tsx
./app/(workspace)/layout.tsx
 ⚠ ./features/connections/connect-account-modal.tsx
Attempted import error: 'getWorkspaceId' is not exported from '@/lib/api' (imported as 'getWorkspaceId').

Import trace for requested module:
./features/connections/connect-account-modal.tsx
./app/(workspace)/connections/page.tsx

./features/shell/app-shell.tsx
Attempted import error: 'getWorkspaceId' is not exported from '@/lib/api' (imported as 'getWorkspaceId').

Import trace for requested module:
./features/shell/app-shell.tsx
./app/(workspace)/layout.tsx

./features/connections/connect-account-modal.tsx
Attempted import error: 'getWorkspaceId' is not exported from '@/lib/api' (imported as 'getWorkspaceId').

Import trace for requested module:
./features/connections/connect-account-modal.tsx
./app/(workspace)/connections/page.tsx

./features/shell/app-shell.tsx
Attempted import error: 'getWorkspaceId' is not exported from '@/lib/api' (imported as 'getWorkspaceId').

Import trace for requested module:
./features/shell/app-shell.tsx
./app/(workspace)/layout.tsx
 ⚠ ./features/connections/connect-account-modal.tsx
Attempted import error: 'getWorkspaceId' is not exported from '@/lib/api' (imported as 'getWorkspaceId').

Import trace for requested module:
./features/connections/connect-account-modal.tsx
./app/(workspace)/connections/page.tsx

./features/shell/app-shell.tsx
Attempted import error: 'getWorkspaceId' is not exported from '@/lib/api' (imported as 'getWorkspaceId').

Import trace for requested module:
./features/shell/app-shell.tsx
./app/(workspace)/layout.tsx

./features/connections/connect-account-modal.tsx
Attempted import error: 'getWorkspaceId' is not exported from '@/lib/api' (imported as 'getWorkspaceId').

Import trace for requested module:
./features/connections/connect-account-modal.tsx
./app/(workspace)/connections/page.tsx

./features/shell/app-shell.tsx
Attempted import error: 'getWorkspaceId' is not exported from '@/lib/api' (imported as 'getWorkspaceId').

Import trace for requested module:
./features/shell/app-shell.tsx
./app/(workspace)/layout.tsx
 ⚠ ./features/connections/connect-account-modal.tsx
Attempted import error: 'getWorkspaceId' is not exported from '@/lib/api' (imported as 'getWorkspaceId').

Import trace for requested module:
./features/connections/connect-account-modal.tsx
./app/(workspace)/connections/page.tsx

./features/shell/app-shell.tsx
Attempted import error: 'getWorkspaceId' is not exported from '@/lib/api' (imported as 'getWorkspaceId').

Import trace for requested module:
./features/shell/app-shell.tsx
./app/(workspace)/layout.tsx

./features/connections/connect-account-modal.tsx
Attempted import error: 'getWorkspaceId' is not exported from '@/lib/api' (imported as 'getWorkspaceId').

Import trace for requested module:
./features/connections/connect-account-modal.tsx
./app/(workspace)/connections/page.tsx

./features/shell/app-shell.tsx
Attempted import error: 'getWorkspaceId' is not exported from '@/lib/api' (imported as 'getWorkspaceId').

Import trace for requested module:
./features/shell/app-shell.tsx
./app/(workspace)/layout.tsx
 ⚠ ./features/connections/connect-account-modal.tsx
Attempted import error: 'getWorkspaceId' is not exported from '@/lib/api' (imported as 'getWorkspaceId').

Import trace for requested module:
./features/connections/connect-account-modal.tsx
./app/(workspace)/connections/page.tsx

./features/shell/app-shell.tsx
Attempted import error: 'getWorkspaceId' is not exported from '@/lib/api' (imported as 'getWorkspaceId').

Import trace for requested module:
./features/shell/app-shell.tsx
./app/(workspace)/layout.tsx

./features/connections/connect-account-modal.tsx
Attempted import error: 'getWorkspaceId' is not exported from '@/lib/api' (imported as 'getWorkspaceId').

Import trace for requested module:
./features/connections/connect-account-modal.tsx
./app/(workspace)/connections/page.tsx

./features/shell/app-shell.tsx
Attempted import error: 'getWorkspaceId' is not exported from '@/lib/api' (imported as 'getWorkspaceId').

Import trace for requested module:
./features/shell/app-shell.tsx
./app/(workspace)/layout.tsx
 ⚠ ./app/(workspace)/forms/page.tsx
Attempted import error: 'getWorkspaceId' is not exported from '@/lib/api' (imported as 'getWorkspaceId').

Import trace for requested module:
./app/(workspace)/forms/page.tsx

./features/connections/connect-account-modal.tsx
Attempted import error: 'getWorkspaceId' is not exported from '@/lib/api' (imported as 'getWorkspaceId').

Import trace for requested module:
./features/connections/connect-account-modal.tsx
./app/(workspace)/connections/page.tsx

./features/shell/app-shell.tsx
Attempted import error: 'getWorkspaceId' is not exported from '@/lib/api' (imported as 'getWorkspaceId').

Import trace for requested module:
./features/shell/app-shell.tsx
./app/(workspace)/layout.tsx

./app/(workspace)/forms/page.tsx
Attempted import error: 'getWorkspaceId' is not exported from '@/lib/api' (imported as 'getWorkspaceId').

Import trace for requested module:
./app/(workspace)/forms/page.tsx

./features/connections/connect-account-modal.tsx
Attempted import error: 'getWorkspaceId' is not exported from '@/lib/api' (imported as 'getWorkspaceId').

Import trace for requested module:
./features/connections/connect-account-modal.tsx
./app/(workspace)/connections/page.tsx

./features/shell/app-shell.tsx
Attempted import error: 'getWorkspaceId' is not exported from '@/lib/api' (imported as 'getWorkspaceId').

Import trace for requested module:
./features/shell/app-shell.tsx
./app/(workspace)/layout.tsx
 ⨯ TypeError: (0 , _lib_api__WEBPACK_IMPORTED_MODULE_2__.getWorkspaceId) is not a function
    at FormsPage (app\(workspace)\forms\page.tsx:25:28)
  23 | export default function FormsPage() {
  24 |   const qc = useQueryClient();
> 25 |   const ws = getWorkspaceId();
     |                            ^
  26 |   const list = useQuery({ queryKey: ["forms"], queryFn: () => api<{ forms: FormRow[] }>("/forms") });
  27 |   const tables = useQuery({ queryKey: ["tables"], queryFn: () => api<{ tables: Array<{ id: string; name: string }> }>("/tables") });
  28 |   const autos = useQuery({ {
  digest: '136290906'
}
 ⚠ ./app/(workspace)/forms/page.tsx
Attempted import error: 'getWorkspaceId' is not exported from '@/lib/api' (imported as 'getWorkspaceId').

Import trace for requested module:
./app/(workspace)/forms/page.tsx

./features/connections/connect-account-modal.tsx
Attempted import error: 'getWorkspaceId' is not exported from '@/lib/api' (imported as 'getWorkspaceId').

Import trace for requested module:
./features/connections/connect-account-modal.tsx
./app/(workspace)/connections/page.tsx

./features/shell/app-shell.tsx
Attempted import error: 'getWorkspaceId' is not exported from '@/lib/api' (imported as 'getWorkspaceId').

Import trace for requested module:
./features/shell/app-shell.tsx
./app/(workspace)/layout.tsx

./app/(workspace)/forms/page.tsx
Attempted import error: 'getWorkspaceId' is not exported from '@/lib/api' (imported as 'getWorkspaceId').

Import trace for requested module:
./app/(workspace)/forms/page.tsx

./features/connections/connect-account-modal.tsx
Attempted import error: 'getWorkspaceId' is not exported from '@/lib/api' (imported as 'getWorkspaceId').

Import trace for requested module:
./features/connections/connect-account-modal.tsx
./app/(workspace)/connections/page.tsx

./features/shell/app-shell.tsx
Attempted import error: 'getWorkspaceId' is not exported from '@/lib/api' (imported as 'getWorkspaceId').

Import trace for requested module:
./features/shell/app-shell.tsx
./app/(workspace)/layout.tsx
 ⚠ ./app/(workspace)/forms/page.tsx
Attempted import error: 'getWorkspaceId' is not exported from '@/lib/api' (imported as 'getWorkspaceId').

Import trace for requested module:
./app/(workspace)/forms/page.tsx

./features/connections/connect-account-modal.tsx
Attempted import error: 'getWorkspaceId' is not exported from '@/lib/api' (imported as 'getWorkspaceId').

Import trace for requested module:
./features/connections/connect-account-modal.tsx
./app/(workspace)/connections/page.tsx

./features/shell/app-shell.tsx
Attempted import error: 'getWorkspaceId' is not exported from '@/lib/api' (imported as 'getWorkspaceId').

Import trace for requested module:
./features/shell/app-shell.tsx
./app/(workspace)/layout.tsx

./app/(workspace)/forms/page.tsx
Attempted import error: 'getWorkspaceId' is not exported from '@/lib/api' (imported as 'getWorkspaceId').

Import trace for requested module:
./app/(workspace)/forms/page.tsx

./features/shell/app-shell.tsx
Attempted import error: 'getWorkspaceId' is not exported from '@/lib/api' (imported as 'getWorkspaceId').

Import trace for requested module:
./features/shell/app-shell.tsx
./app/(workspace)/layout.tsx
 ⚠ ./app/(workspace)/forms/page.tsx
Attempted import error: 'getWorkspaceId' is not exported from '@/lib/api' (imported as 'getWorkspaceId').

Import trace for requested module:
./app/(workspace)/forms/page.tsx

./features/connections/connect-account-modal.tsx
Attempted import error: 'getWorkspaceId' is not exported from '@/lib/api' (imported as 'getWorkspaceId').

Import trace for requested module:
./features/connections/connect-account-modal.tsx
./app/(workspace)/connections/page.tsx

./features/shell/app-shell.tsx
Attempted import error: 'getWorkspaceId' is not exported from '@/lib/api' (imported as 'getWorkspaceId').

Import trace for requested module:
./features/shell/app-shell.tsx
./app/(workspace)/layout.tsx

./app/(workspace)/forms/page.tsx
Attempted import error: 'getWorkspaceId' is not exported from '@/lib/api' (imported as 'getWorkspaceId').

Import trace for requested module:
./app/(workspace)/forms/page.tsx

./features/shell/app-shell.tsx
Attempted import error: 'getWorkspaceId' is not exported from '@/lib/api' (imported as 'getWorkspaceId').

Import trace for requested module:
./features/shell/app-shell.tsx
./app/(workspace)/layout.tsx
 ⚠ ./app/(workspace)/forms/page.tsx
Attempted import error: 'getWorkspaceId' is not exported from '@/lib/api' (imported as 'getWorkspaceId').

Import trace for requested module:
./app/(workspace)/forms/page.tsx

./features/connections/connect-account-modal.tsx
Attempted import error: 'getWorkspaceId' is not exported from '@/lib/api' (imported as 'getWorkspaceId').

Import trace for requested module:
./features/connections/connect-account-modal.tsx
./app/(workspace)/connections/page.tsx

./features/shell/app-shell.tsx
Attempted import error: 'getWorkspaceId' is not exported from '@/lib/api' (imported as 'getWorkspaceId').

Import trace for requested module:
./features/shell/app-shell.tsx
./app/(workspace)/layout.tsx

./app/(workspace)/forms/page.tsx
Attempted import error: 'getWorkspaceId' is not exported from '@/lib/api' (imported as 'getWorkspaceId').

Import trace for requested module:
./app/(workspace)/forms/page.tsx

./features/shell/app-shell.tsx
Attempted import error: 'getWorkspaceId' is not exported from '@/lib/api' (imported as 'getWorkspaceId').

Import trace for requested module:
./features/shell/app-shell.tsx
./app/(workspace)/layout.tsx
 ⚠ ./app/(workspace)/forms/page.tsx
Attempted import error: 'getWorkspaceId' is not exported from '@/lib/api' (imported as 'getWorkspaceId').

Import trace for requested module:
./app/(workspace)/forms/page.tsx

./features/connections/connect-account-modal.tsx
Attempted import error: 'getWorkspaceId' is not exported from '@/lib/api' (imported as 'getWorkspaceId').

Import trace for requested module:
./features/connections/connect-account-modal.tsx
./app/(workspace)/connections/page.tsx

./features/shell/app-shell.tsx
Attempted import error: 'getWorkspaceId' is not exported from '@/lib/api' (imported as 'getWorkspaceId').

Import trace for requested module:
./features/shell/app-shell.tsx
./app/(workspace)/layout.tsx

./app/(workspace)/forms/page.tsx
Attempted import error: 'getWorkspaceId' is not exported from '@/lib/api' (imported as 'getWorkspaceId').

Import trace for requested module:
./app/(workspace)/forms/page.tsx

./features/shell/app-shell.tsx
Attempted import error: 'getWorkspaceId' is not exported from '@/lib/api' (imported as 'getWorkspaceId').

Import trace for requested module:
./features/shell/app-shell.tsx
./app/(workspace)/layout.tsx
 ⚠ ./app/(workspace)/forms/page.tsx
Attempted import error: 'getWorkspaceId' is not exported from '@/lib/api' (imported as 'getWorkspaceId').

Import trace for requested module:
./app/(workspace)/forms/page.tsx

./features/connections/connect-account-modal.tsx
Attempted import error: 'getWorkspaceId' is not exported from '@/lib/api' (imported as 'getWorkspaceId').

Import trace for requested module:
./features/connections/connect-account-modal.tsx
./app/(workspace)/connections/page.tsx

./features/shell/app-shell.tsx
Attempted import error: 'getWorkspaceId' is not exported from '@/lib/api' (imported as 'getWorkspaceId').

Import trace for requested module:
./features/shell/app-shell.tsx
./app/(workspace)/layout.tsx

./app/(workspace)/forms/page.tsx
Attempted import error: 'getWorkspaceId' is not exported from '@/lib/api' (imported as 'getWorkspaceId').

Import trace for requested module:
./app/(workspace)/forms/page.tsx

./features/connections/connect-account-modal.tsx
Attempted import error: 'getWorkspaceId' is not exported from '@/lib/api' (imported as 'getWorkspaceId').

Import trace for requested module:
./features/connections/connect-account-modal.tsx
./app/(workspace)/connections/page.tsx

./features/shell/app-shell.tsx
Attempted import error: 'getWorkspaceId' is not exported from '@/lib/api' (imported as 'getWorkspaceId').

Import trace for requested module:
./features/shell/app-shell.tsx
./app/(workspace)/layout.tsx
 ⚠ ./app/(workspace)/forms/page.tsx
Attempted import error: 'getWorkspaceId' is not exported from '@/lib/api' (imported as 'getWorkspaceId').

Import trace for requested module:
./app/(workspace)/forms/page.tsx

./features/connections/connect-account-modal.tsx
Attempted import error: 'getWorkspaceId' is not exported from '@/lib/api' (imported as 'getWorkspaceId').

Import trace for requested module:
./features/connections/connect-account-modal.tsx
./app/(workspace)/connections/page.tsx

./features/shell/app-shell.tsx
Attempted import error: 'getWorkspaceId' is not exported from '@/lib/api' (imported as 'getWorkspaceId').

Import trace for requested module:
./features/shell/app-shell.tsx
./app/(workspace)/layout.tsx

./app/(workspace)/forms/page.tsx
Attempted import error: 'getWorkspaceId' is not exported from '@/lib/api' (imported as 'getWorkspaceId').

Import trace for requested module:
./app/(workspace)/forms/page.tsx

./features/connections/connect-account-modal.tsx
Attempted import error: 'getWorkspaceId' is not exported from '@/lib/api' (imported as 'getWorkspaceId').

Import trace for requested module:
./features/connections/connect-account-modal.tsx
./app/(workspace)/connections/page.tsx

./features/shell/app-shell.tsx
Attempted import error: 'getWorkspaceId' is not exported from '@/lib/api' (imported as 'getWorkspaceId').

Import trace for requested module:
./features/shell/app-shell.tsx
./app/(workspace)/layout.tsx
 ⚠ ./app/(workspace)/forms/page.tsx
Attempted import error: 'getWorkspaceId' is not exported from '@/lib/api' (imported as 'getWorkspaceId').

Import trace for requested module:
./app/(workspace)/forms/page.tsx

./app/(workspace)/interfaces/page.tsx
Attempted import error: 'getWorkspaceId' is not exported from '@/lib/api' (imported as 'getWorkspaceId').

Import trace for requested module:
./app/(workspace)/interfaces/page.tsx

./features/connections/connect-account-modal.tsx
Attempted import error: 'getWorkspaceId' is not exported from '@/lib/api' (imported as 'getWorkspaceId').

Import trace for requested module:
./features/connections/connect-account-modal.tsx
./app/(workspace)/connections/page.tsx

./features/shell/app-shell.tsx
Attempted import error: 'getWorkspaceId' is not exported from '@/lib/api' (imported as 'getWorkspaceId').

Import trace for requested module:
./features/shell/app-shell.tsx
./app/(workspace)/layout.tsx

./app/(workspace)/interfaces/page.tsx
Attempted import error: 'getWorkspaceId' is not exported from '@/lib/api' (imported as 'getWorkspaceId').

Import trace for requested module:
./app/(workspace)/interfaces/page.tsx

./features/connections/connect-account-modal.tsx
Attempted import error: 'getWorkspaceId' is not exported from '@/lib/api' (imported as 'getWorkspaceId').

Import trace for requested module:
./features/connections/connect-account-modal.tsx
./app/(workspace)/connections/page.tsx

./features/shell/app-shell.tsx
Attempted import error: 'getWorkspaceId' is not exported from '@/lib/api' (imported as 'getWorkspaceId').

Import trace for requested module:
./features/shell/app-shell.tsx
./app/(workspace)/layout.tsx
 ⚠ ./app/(workspace)/forms/page.tsx
Attempted import error: 'getWorkspaceId' is not exported from '@/lib/api' (imported as 'getWorkspaceId').

Import trace for requested module:
./app/(workspace)/forms/page.tsx

./app/(workspace)/interfaces/page.tsx
Attempted import error: 'getWorkspaceId' is not exported from '@/lib/api' (imported as 'getWorkspaceId').

Import trace for requested module:
./app/(workspace)/interfaces/page.tsx

./features/connections/connect-account-modal.tsx
Attempted import error: 'getWorkspaceId' is not exported from '@/lib/api' (imported as 'getWorkspaceId').

Import trace for requested module:
./features/connections/connect-account-modal.tsx
./app/(workspace)/connections/page.tsx

./features/shell/app-shell.tsx
Attempted import error: 'getWorkspaceId' is not exported from '@/lib/api' (imported as 'getWorkspaceId').

Import trace for requested module:
./features/shell/app-shell.tsx
./app/(workspace)/layout.tsx

./app/(workspace)/interfaces/page.tsx
Attempted import error: 'getWorkspaceId' is not exported from '@/lib/api' (imported as 'getWorkspaceId').

Import trace for requested module:
./app/(workspace)/interfaces/page.tsx

./features/connections/connect-account-modal.tsx
Attempted import error: 'getWorkspaceId' is not exported from '@/lib/api' (imported as 'getWorkspaceId').

Import trace for requested module:
./features/connections/connect-account-modal.tsx
./app/(workspace)/connections/page.tsx

./features/shell/app-shell.tsx
Attempted import error: 'getWorkspaceId' is not exported from '@/lib/api' (imported as 'getWorkspaceId').

Import trace for requested module:
./features/shell/app-shell.tsx
./app/(workspace)/layout.tsx
 ⚠ ./app/(workspace)/forms/page.tsx
Attempted import error: 'getWorkspaceId' is not exported from '@/lib/api' (imported as 'getWorkspaceId').

Import trace for requested module:
./app/(workspace)/forms/page.tsx

./app/(workspace)/interfaces/page.tsx
Attempted import error: 'getWorkspaceId' is not exported from '@/lib/api' (imported as 'getWorkspaceId').

Import trace for requested module:
./app/(workspace)/interfaces/page.tsx

./features/connections/connect-account-modal.tsx
Attempted import error: 'getWorkspaceId' is not exported from '@/lib/api' (imported as 'getWorkspaceId').

Import trace for requested module:
./features/connections/connect-account-modal.tsx
./app/(workspace)/connections/page.tsx

./features/shell/app-shell.tsx
Attempted import error: 'getWorkspaceId' is not exported from '@/lib/api' (imported as 'getWorkspaceId').

Import trace for requested module:
./features/shell/app-shell.tsx
./app/(workspace)/layout.tsx

./app/(workspace)/interfaces/page.tsx
Attempted import error: 'getWorkspaceId' is not exported from '@/lib/api' (imported as 'getWorkspaceId').

Import trace for requested module:
./app/(workspace)/interfaces/page.tsx

./features/connections/connect-account-modal.tsx
Attempted import error: 'getWorkspaceId' is not exported from '@/lib/api' (imported as 'getWorkspaceId').

Import trace for requested module:
./features/connections/connect-account-modal.tsx
./app/(workspace)/connections/page.tsx

./features/shell/app-shell.tsx
Attempted import error: 'getWorkspaceId' is not exported from '@/lib/api' (imported as 'getWorkspaceId').

Import trace for requested module:
./features/shell/app-shell.tsx
./app/(workspace)/layout.tsx
 ⚠ ./app/(workspace)/forms/page.tsx
Attempted import error: 'getWorkspaceId' is not exported from '@/lib/api' (imported as 'getWorkspaceId').

Import trace for requested module:
./app/(workspace)/forms/page.tsx

./app/(workspace)/interfaces/page.tsx
Attempted import error: 'getWorkspaceId' is not exported from '@/lib/api' (imported as 'getWorkspaceId').

Import trace for requested module:
./app/(workspace)/interfaces/page.tsx

./features/connections/connect-account-modal.tsx
Attempted import error: 'getWorkspaceId' is not exported from '@/lib/api' (imported as 'getWorkspaceId').

Import trace for requested module:
./features/connections/connect-account-modal.tsx
./app/(workspace)/connections/page.tsx

./features/shell/app-shell.tsx
Attempted import error: 'getWorkspaceId' is not exported from '@/lib/api' (imported as 'getWorkspaceId').

Import trace for requested module:
./features/shell/app-shell.tsx
./app/(workspace)/layout.tsx

./app/(workspace)/interfaces/page.tsx
Attempted import error: 'getWorkspaceId' is not exported from '@/lib/api' (imported as 'getWorkspaceId').

Import trace for requested module:
./app/(workspace)/interfaces/page.tsx

./features/connections/connect-account-modal.tsx
Attempted import error: 'getWorkspaceId' is not exported from '@/lib/api' (imported as 'getWorkspaceId').

Import trace for requested module:
./features/connections/connect-account-modal.tsx
./app/(workspace)/connections/page.tsx

./features/shell/app-shell.tsx
Attempted import error: 'getWorkspaceId' is not exported from '@/lib/api' (imported as 'getWorkspaceId').

Import trace for requested module:
./features/shell/app-shell.tsx
./app/(workspace)/layout.tsx
 ⚠ ./app/(workspace)/forms/page.tsx
Attempted import error: 'getWorkspaceId' is not exported from '@/lib/api' (imported as 'getWorkspaceId').

Import trace for requested module:
./app/(workspace)/forms/page.tsx

./app/(workspace)/interfaces/page.tsx
Attempted import error: 'getWorkspaceId' is not exported from '@/lib/api' (imported as 'getWorkspaceId').

Import trace for requested module:
./app/(workspace)/interfaces/page.tsx

./features/connections/connect-account-modal.tsx
Attempted import error: 'getWorkspaceId' is not exported from '@/lib/api' (imported as 'getWorkspaceId').

Import trace for requested module:
./features/connections/connect-account-modal.tsx
./app/(workspace)/connections/page.tsx

./features/shell/app-shell.tsx
Attempted import error: 'getWorkspaceId' is not exported from '@/lib/api' (imported as 'getWorkspaceId').

Import trace for requested module:
./features/shell/app-shell.tsx
./app/(workspace)/layout.tsx

./app/(workspace)/interfaces/page.tsx
Attempted import error: 'getWorkspaceId' is not exported from '@/lib/api' (imported as 'getWorkspaceId').

Import trace for requested module:
./app/(workspace)/interfaces/page.tsx

./features/connections/connect-account-modal.tsx
Attempted import error: 'getWorkspaceId' is not exported from '@/lib/api' (imported as 'getWorkspaceId').

Import trace for requested module:
./features/connections/connect-account-modal.tsx
./app/(workspace)/connections/page.tsx

./features/shell/app-shell.tsx
Attempted import error: 'getWorkspaceId' is not exported from '@/lib/api' (imported as 'getWorkspaceId').

Import trace for requested module:
./features/shell/app-shell.tsx
./app/(workspace)/layout.tsx
 ⚠ ./app/(workspace)/forms/page.tsx
Attempted import error: 'getWorkspaceId' is not exported from '@/lib/api' (imported as 'getWorkspaceId').

Import trace for requested module:
./app/(workspace)/forms/page.tsx

./app/(workspace)/interfaces/page.tsx
Attempted import error: 'getWorkspaceId' is not exported from '@/lib/api' (imported as 'getWorkspaceId').

Import trace for requested module:
./app/(workspace)/interfaces/page.tsx

./features/connections/connect-account-modal.tsx
Attempted import error: 'getWorkspaceId' is not exported from '@/lib/api' (imported as 'getWorkspaceId').

Import trace for requested module:
./features/connections/connect-account-modal.tsx
./app/(workspace)/connections/page.tsx

./features/shell/app-shell.tsx
Attempted import error: 'getWorkspaceId' is not exported from '@/lib/api' (imported as 'getWorkspaceId').

Import trace for requested module:
./features/shell/app-shell.tsx
./app/(workspace)/layout.tsx

./app/(workspace)/interfaces/page.tsx
Attempted import error: 'getWorkspaceId' is not exported from '@/lib/api' (imported as 'getWorkspaceId').

Import trace for requested module:
./app/(workspace)/interfaces/page.tsx

./features/connections/connect-account-modal.tsx
Attempted import error: 'getWorkspaceId' is not exported from '@/lib/api' (imported as 'getWorkspaceId').

Import trace for requested module:
./features/connections/connect-account-modal.tsx
./app/(workspace)/connections/page.tsx

./features/shell/app-shell.tsx
Attempted import error: 'getWorkspaceId' is not exported from '@/lib/api' (imported as 'getWorkspaceId').

Import trace for requested module:
./features/shell/app-shell.tsx
./app/(workspace)/layout.tsx
 ⚠ ./app/(workspace)/forms/page.tsx
Attempted import error: 'getWorkspaceId' is not exported from '@/lib/api' (imported as 'getWorkspaceId').

Import trace for requested module:
./app/(workspace)/forms/page.tsx

./app/(workspace)/interfaces/page.tsx
Attempted import error: 'getWorkspaceId' is not exported from '@/lib/api' (imported as 'getWorkspaceId').

Import trace for requested module:
./app/(workspace)/interfaces/page.tsx

./features/connections/connect-account-modal.tsx
Attempted import error: 'getWorkspaceId' is not exported from '@/lib/api' (imported as 'getWorkspaceId').

Import trace for requested module:
./features/connections/connect-account-modal.tsx
./app/(workspace)/connections/page.tsx

./features/shell/app-shell.tsx
Attempted import error: 'getWorkspaceId' is not exported from '@/lib/api' (imported as 'getWorkspaceId').

Import trace for requested module:
./features/shell/app-shell.tsx
./app/(workspace)/layout.tsx

./app/(workspace)/forms/page.tsx
Attempted import error: 'getWorkspaceId' is not exported from '@/lib/api' (imported as 'getWorkspaceId').

Import trace for requested module:
./app/(workspace)/forms/page.tsx

./app/(workspace)/interfaces/page.tsx
Attempted import error: 'getWorkspaceId' is not exported from '@/lib/api' (imported as 'getWorkspaceId').

Import trace for requested module:
./app/(workspace)/interfaces/page.tsx

./features/connections/connect-account-modal.tsx
Attempted import error: 'getWorkspaceId' is not exported from '@/lib/api' (imported as 'getWorkspaceId').

Import trace for requested module:
./features/connections/connect-account-modal.tsx
./app/(workspace)/connections/page.tsx

./features/shell/app-shell.tsx
Attempted import error: 'getWorkspaceId' is not exported from '@/lib/api' (imported as 'getWorkspaceId').

Import trace for requested module:
./features/shell/app-shell.tsx
./app/(workspace)/layout.tsx
 ⨯ [Error [InvariantError]: Invariant: Expected clientReferenceManifest to be defined. This is a bug in Next.js.]
 ⨯ [Error [InvariantError]: Invariant: Expected clientReferenceManifest to be defined. This is a bug in Next.js.] {
  page: '/flows'
}
